0 verbose cli C:\Program Files\nodejs\node.exe C:\Program Files\nodejs\node_modules\npm\bin\npm-cli.js
1 info using npm@10.9.3
2 info using node@v22.18.0
3 silly config load:file:C:\Program Files\nodejs\node_modules\npm\npmrc
4 silly config load:file:D:\Web Dev Practice Projects\Webnd Summer\48 hrs Hackathon\Backend\.npmrc
5 silly config load:file:C:\Users\Dhaval\.npmrc
6 silly config load:file:C:\Users\Dhaval\AppData\Roaming\npm\etc\npmrc
7 verbose title npm install express cors express-session uuid
8 verbose argv "install" "express" "cors" "express-session" "uuid"
9 verbose logfile logs-max:10 dir:D:\Web Dev Practice Projects\Webnd Summer\48 hrs Hackathon\Backend\.npm-cache\_logs\2026-06-26T16_32_13_206Z-
10 verbose logfile D:\Web Dev Practice Projects\Webnd Summer\48 hrs Hackathon\Backend\.npm-cache\_logs\2026-06-26T16_32_13_206Z-debug-0.log
11 silly logfile done cleaning log files
12 silly packumentCache heap:4345298944 maxSize:1086324736 maxEntrySize:543162368
13 silly idealTree buildDeps
14 silly fetch manifest express@*
15 silly packumentCache full:https://registry.npmjs.org/express cache-miss
16 http fetch GET 200 https://registry.npmjs.org/express 165ms (cache miss)
17 silly packumentCache full:https://registry.npmjs.org/express set size:undefined disposed:false
18 silly fetch manifest cors@*
19 silly packumentCache full:https://registry.npmjs.org/cors cache-miss
20 http fetch GET 200 https://registry.npmjs.org/cors 37ms (cache miss)
21 silly packumentCache full:https://registry.npmjs.org/cors set size:undefined disposed:false
22 silly fetch manifest express-session@*
23 silly packumentCache full:https://registry.npmjs.org/express-session cache-miss
24 http fetch GET 200 https://registry.npmjs.org/express-session 47ms (cache miss)
25 silly packumentCache full:https://registry.npmjs.org/express-session set size:undefined disposed:false
26 silly fetch manifest uuid@*
27 silly packumentCache full:https://registry.npmjs.org/uuid cache-miss
28 http fetch GET 200 https://registry.npmjs.org/uuid 38ms (cache miss)
29 silly packumentCache full:https://registry.npmjs.org/uuid set size:undefined disposed:false
30 silly placeDep ROOT cors@2.8.6 OK for: backend@1.0.0 want: *
31 silly placeDep ROOT express@5.2.1 OK for: backend@1.0.0 want: *
32 silly placeDep ROOT express-session@1.19.0 OK for: backend@1.0.0 want: *
33 silly placeDep ROOT uuid@14.0.1 OK for: backend@1.0.0 want: *
34 silly fetch manifest object-assign@^4
35 silly packumentCache full:https://registry.npmjs.org/object-assign cache-miss
36 silly fetch manifest vary@^1
37 silly packumentCache full:https://registry.npmjs.org/vary cache-miss
38 silly fetch manifest qs@^6.14.0
39 silly packumentCache full:https://registry.npmjs.org/qs cache-miss
40 silly fetch manifest depd@^2.0.0
41 silly packumentCache full:https://registry.npmjs.org/depd cache-miss
42 silly fetch manifest etag@^1.8.1
43 silly packumentCache full:https://registry.npmjs.org/etag cache-miss
44 silly fetch manifest once@^1.4.0
45 silly packumentCache full:https://registry.npmjs.org/once cache-miss
46 silly fetch manifest send@^1.1.0
47 silly packumentCache full:https://registry.npmjs.org/send cache-miss
48 silly fetch manifest vary@^1.1.2
49 silly packumentCache full:https://registry.npmjs.org/vary cache-miss
50 silly fetch manifest debug@^4.4.0
51 silly packumentCache full:https://registry.npmjs.org/debug cache-miss
52 silly fetch manifest fresh@^2.0.0
53 silly packumentCache full:https://registry.npmjs.org/fresh cache-miss
54 silly fetch manifest cookie@^0.7.1
55 silly packumentCache full:https://registry.npmjs.org/cookie cache-miss
56 silly fetch manifest router@^2.2.0
57 silly packumentCache full:https://registry.npmjs.org/router cache-miss
58 silly fetch manifest accepts@^2.0.0
59 silly packumentCache full:https://registry.npmjs.org/accepts cache-miss
60 silly fetch manifest type-is@^2.0.1
61 silly packumentCache full:https://registry.npmjs.org/type-is cache-miss
62 silly fetch manifest parseurl@^1.3.3
63 silly packumentCache full:https://registry.npmjs.org/parseurl cache-miss
64 http fetch GET 200 https://registry.npmjs.org/object-assign 38ms (cache miss)
65 silly packumentCache full:https://registry.npmjs.org/object-assign set size:undefined disposed:false
66 silly fetch manifest statuses@^2.0.1
67 silly packumentCache full:https://registry.npmjs.org/statuses cache-miss
68 http fetch GET 200 https://registry.npmjs.org/statuses 64ms (cache miss)
69 silly packumentCache full:https://registry.npmjs.org/statuses set size:undefined disposed:false
70 silly fetch manifest encodeurl@^2.0.0
71 silly packumentCache full:https://registry.npmjs.org/encodeurl cache-miss
72 http fetch GET 200 https://registry.npmjs.org/depd 106ms (cache miss)
73 silly packumentCache full:https://registry.npmjs.org/depd set size:undefined disposed:false
74 silly fetch manifest mime-types@^3.0.0
75 silly packumentCache full:https://registry.npmjs.org/mime-types cache-miss
76 http fetch GET 200 https://registry.npmjs.org/vary 110ms (cache miss)
77 silly packumentCache full:https://registry.npmjs.org/vary set size:undefined disposed:false
78 silly fetch manifest proxy-addr@^2.0.7
79 silly packumentCache full:https://registry.npmjs.org/proxy-addr cache-miss
80 http fetch GET 200 https://registry.npmjs.org/send 109ms (cache miss)
81 silly packumentCache full:https://registry.npmjs.org/send set size:undefined disposed:false
82 silly fetch manifest body-parser@^2.2.1
83 silly packumentCache full:https://registry.npmjs.org/body-parser cache-miss
84 http fetch GET 200 https://registry.npmjs.org/debug 112ms (cache miss)
85 silly packumentCache full:https://registry.npmjs.org/debug set size:undefined disposed:false
86 silly fetch manifest escape-html@^1.0.3
87 silly packumentCache full:https://registry.npmjs.org/escape-html cache-miss
88 http fetch GET 200 https://registry.npmjs.org/accepts 122ms (cache miss)
89 silly packumentCache full:https://registry.npmjs.org/accepts set size:undefined disposed:false
90 silly fetch manifest http-errors@^2.0.0
91 silly packumentCache full:https://registry.npmjs.org/http-errors cache-miss
92 http fetch GET 200 https://registry.npmjs.org/router 125ms (cache miss)
93 silly packumentCache full:https://registry.npmjs.org/router set size:undefined disposed:false
94 silly fetch manifest on-finished@^2.4.1
95 silly packumentCache full:https://registry.npmjs.org/on-finished cache-miss
96 http fetch GET 200 https://registry.npmjs.org/cookie 142ms (cache miss)
97 silly packumentCache full:https://registry.npmjs.org/cookie set size:undefined disposed:false
98 silly fetch manifest content-type@^1.0.5
99 silly packumentCache full:https://registry.npmjs.org/content-type cache-miss
100 http fetch GET 200 https://registry.npmjs.org/vary 148ms (cache miss)
101 silly packumentCache full:https://registry.npmjs.org/vary set size:undefined disposed:false
102 silly fetch manifest finalhandler@^2.1.0
103 silly packumentCache full:https://registry.npmjs.org/finalhandler cache-miss
104 http fetch GET 200 https://registry.npmjs.org/once 152ms (cache miss)
105 silly packumentCache full:https://registry.npmjs.org/once set size:undefined disposed:false
106 silly fetch manifest range-parser@^1.2.1
107 silly packumentCache full:https://registry.npmjs.org/range-parser cache-miss
108 http fetch GET 200 https://registry.npmjs.org/etag 155ms (cache miss)
109 silly packumentCache full:https://registry.npmjs.org/etag set size:undefined disposed:false
110 silly fetch manifest serve-static@^2.2.0
111 silly packumentCache full:https://registry.npmjs.org/serve-static cache-miss
112 http fetch GET 200 https://registry.npmjs.org/parseurl 154ms (cache miss)
113 silly packumentCache full:https://registry.npmjs.org/parseurl set size:undefined disposed:false
114 silly fetch manifest cookie-signature@^1.2.1
115 silly packumentCache full:https://registry.npmjs.org/cookie-signature cache-miss
116 http fetch GET 200 https://registry.npmjs.org/fresh 159ms (cache miss)
117 silly packumentCache full:https://registry.npmjs.org/fresh set size:undefined disposed:false
118 silly fetch manifest merge-descriptors@^2.0.0
119 silly packumentCache full:https://registry.npmjs.org/merge-descriptors cache-miss
120 http fetch GET 200 https://registry.npmjs.org/type-is 160ms (cache miss)
121 silly packumentCache full:https://registry.npmjs.org/type-is set size:undefined disposed:false
122 silly fetch manifest content-disposition@^1.0.0
123 silly packumentCache full:https://registry.npmjs.org/content-disposition cache-miss
124 http fetch GET 200 https://registry.npmjs.org/encodeurl 62ms (cache miss)
125 silly packumentCache full:https://registry.npmjs.org/encodeurl set size:undefined disposed:false
126 silly fetch manifest cookie@~0.7.2
127 silly packumentCache full:https://registry.npmjs.org/cookie cache-miss
128 http fetch GET 200 https://registry.npmjs.org/escape-html 52ms (cache miss)
129 silly packumentCache full:https://registry.npmjs.org/escape-html set size:undefined disposed:false
130 silly fetch manifest cookie-signature@~1.0.7
131 silly packumentCache full:https://registry.npmjs.org/cookie-signature cache-miss
132 http fetch GET 200 https://registry.npmjs.org/on-finished 42ms (cache miss)
133 silly packumentCache full:https://registry.npmjs.org/on-finished set size:undefined disposed:false
134 silly fetch manifest debug@~2.6.9
135 silly packumentCache full:https://registry.npmjs.org/debug cache-miss
136 http fetch GET 200 https://registry.npmjs.org/proxy-addr 61ms (cache miss)
137 silly packumentCache full:https://registry.npmjs.org/proxy-addr set size:undefined disposed:false
138 silly fetch manifest depd@~2.0.0
139 silly packumentCache full:https://registry.npmjs.org/depd cache-miss
140 http fetch GET 200 https://registry.npmjs.org/qs 172ms (cache miss)
141 silly packumentCache full:https://registry.npmjs.org/qs set size:undefined disposed:false
142 silly fetch manifest on-headers@~1.1.0
143 silly packumentCache full:https://registry.npmjs.org/on-headers cache-miss
144 http fetch GET 200 https://registry.npmjs.org/mime-types 67ms (cache miss)
145 silly packumentCache full:https://registry.npmjs.org/mime-types set size:undefined disposed:false
146 silly fetch manifest parseurl@~1.3.3
147 silly packumentCache full:https://registry.npmjs.org/parseurl cache-miss
148 http cache https://registry.npmjs.org/cookie 14ms (cache hit)
149 silly packumentCache full:https://registry.npmjs.org/cookie set size:75669 disposed:false
150 silly fetch manifest safe-buffer@~5.2.1
151 silly packumentCache full:https://registry.npmjs.org/safe-buffer cache-miss
152 http fetch GET 200 https://registry.npmjs.org/http-errors 57ms (cache miss)
153 silly packumentCache full:https://registry.npmjs.org/http-errors set size:undefined disposed:false
154 silly fetch manifest uid-safe@~2.1.5
155 silly packumentCache full:https://registry.npmjs.org/uid-safe cache-miss
156 http cache https://registry.npmjs.org/debug 14ms (cache hit)
157 silly packumentCache full:https://registry.npmjs.org/debug set size:195840 disposed:false
158 http cache https://registry.npmjs.org/depd 15ms (cache hit)
159 silly packumentCache full:https://registry.npmjs.org/depd set size:40182 disposed:false
160 http cache https://registry.npmjs.org/parseurl 12ms (cache hit)
161 silly packumentCache full:https://registry.npmjs.org/parseurl set size:24148 disposed:false
162 http fetch GET 200 https://registry.npmjs.org/body-parser 78ms (cache miss)
163 silly packumentCache full:https://registry.npmjs.org/body-parser set size:undefined disposed:false
164 http fetch GET 200 https://registry.npmjs.org/content-type 47ms (cache miss)
165 silly packumentCache full:https://registry.npmjs.org/content-type set size:undefined disposed:false
166 http fetch GET 200 https://registry.npmjs.org/on-headers 31ms (cache miss)
167 silly packumentCache full:https://registry.npmjs.org/on-headers set size:undefined disposed:false
168 http fetch GET 200 https://registry.npmjs.org/cookie-signature 38ms (cache miss)
169 silly packumentCache full:https://registry.npmjs.org/cookie-signature set size:undefined disposed:false
170 http fetch GET 200 https://registry.npmjs.org/finalhandler 56ms (cache miss)
171 silly packumentCache full:https://registry.npmjs.org/finalhandler set size:undefined disposed:false
172 http fetch GET 200 https://registry.npmjs.org/range-parser 53ms (cache miss)
173 silly packumentCache full:https://registry.npmjs.org/range-parser set size:undefined disposed:false
174 http fetch GET 200 https://registry.npmjs.org/merge-descriptors 55ms (cache miss)
175 silly packumentCache full:https://registry.npmjs.org/merge-descriptors set size:undefined disposed:false
176 http fetch GET 200 https://registry.npmjs.org/cookie-signature 61ms (cache miss)
177 silly packumentCache full:https://registry.npmjs.org/cookie-signature set size:undefined disposed:false
178 http fetch GET 200 https://registry.npmjs.org/uid-safe 37ms (cache miss)
179 silly packumentCache full:https://registry.npmjs.org/uid-safe set size:undefined disposed:false
180 http fetch GET 200 https://registry.npmjs.org/content-disposition 57ms (cache miss)
181 silly packumentCache full:https://registry.npmjs.org/content-disposition set size:undefined disposed:false
182 http fetch GET 200 https://registry.npmjs.org/serve-static 65ms (cache miss)
183 silly packumentCache full:https://registry.npmjs.org/serve-static set size:undefined disposed:false
184 http fetch GET 200 https://registry.npmjs.org/safe-buffer 43ms (cache miss)
185 silly packumentCache full:https://registry.npmjs.org/safe-buffer set size:undefined disposed:false
186 silly placeDep ROOT object-assign@4.1.1 OK for: cors@2.8.6 want: ^4
187 silly placeDep ROOT vary@1.1.2 OK for: cors@2.8.6 want: ^1
188 silly placeDep ROOT accepts@2.0.0 OK for: express@5.2.1 want: ^2.0.0
189 silly placeDep ROOT body-parser@2.3.0 OK for: express@5.2.1 want: ^2.2.1
190 silly placeDep ROOT content-disposition@1.1.0 OK for: express@5.2.1 want: ^1.0.0
191 silly placeDep ROOT content-type@1.0.5 OK for: express@5.2.1 want: ^1.0.5
192 silly placeDep ROOT cookie@0.7.2 OK for: express@5.2.1 want: ^0.7.1
193 silly placeDep ROOT cookie-signature@1.2.2 OK for: express@5.2.1 want: ^1.2.1
194 silly placeDep ROOT debug@4.4.3 OK for: express@5.2.1 want: ^4.4.0
195 silly placeDep ROOT depd@2.0.0 OK for: express@5.2.1 want: ^2.0.0
196 silly placeDep ROOT encodeurl@2.0.0 OK for: express@5.2.1 want: ^2.0.0
197 silly placeDep ROOT escape-html@1.0.3 OK for: express@5.2.1 want: ^1.0.3
198 silly placeDep ROOT etag@1.8.1 OK for: express@5.2.1 want: ^1.8.1
199 silly placeDep ROOT finalhandler@2.1.1 OK for: express@5.2.1 want: ^2.1.0
200 silly placeDep ROOT fresh@2.0.0 OK for: express@5.2.1 want: ^2.0.0
201 silly placeDep ROOT http-errors@2.0.1 OK for: express@5.2.1 want: ^2.0.0
202 silly placeDep ROOT merge-descriptors@2.0.0 OK for: express@5.2.1 want: ^2.0.0
203 silly placeDep ROOT mime-types@3.0.2 OK for: express@5.2.1 want: ^3.0.0
204 silly placeDep ROOT on-finished@2.4.1 OK for: express@5.2.1 want: ^2.4.1
205 silly placeDep ROOT once@1.4.0 OK for: express@5.2.1 want: ^1.4.0
206 silly placeDep ROOT parseurl@1.3.3 OK for: express@5.2.1 want: ^1.3.3
207 silly placeDep ROOT proxy-addr@2.0.7 OK for: express@5.2.1 want: ^2.0.7
208 silly placeDep ROOT qs@6.15.3 OK for: express@5.2.1 want: ^6.14.0
209 silly placeDep ROOT range-parser@1.3.0 OK for: express@5.2.1 want: ^1.2.1
210 silly placeDep ROOT router@2.2.0 OK for: express@5.2.1 want: ^2.2.0
211 silly placeDep ROOT send@1.2.1 OK for: express@5.2.1 want: ^1.1.0
212 silly placeDep ROOT serve-static@2.2.1 OK for: express@5.2.1 want: ^2.2.0
213 silly placeDep ROOT statuses@2.0.2 OK for: express@5.2.1 want: ^2.0.1
214 silly placeDep ROOT type-is@2.1.0 OK for: express@5.2.1 want: ^2.0.1
215 silly fetch manifest negotiator@^1.0.0
216 silly packumentCache full:https://registry.npmjs.org/negotiator cache-miss
217 silly fetch manifest bytes@^3.1.2
218 silly packumentCache full:https://registry.npmjs.org/bytes cache-miss
219 silly fetch manifest content-type@^2.0.0
220 silly packumentCache full:https://registry.npmjs.org/content-type cache-miss
221 silly fetch manifest debug@^4.4.3
222 silly packumentCache full:https://registry.npmjs.org/debug cache-hit
223 silly fetch manifest http-errors@^2.0.1
224 silly packumentCache full:https://registry.npmjs.org/http-errors cache-miss
225 silly fetch manifest iconv-lite@^0.7.2
226 silly packumentCache full:https://registry.npmjs.org/iconv-lite cache-miss
227 silly fetch manifest qs@^6.15.2
228 silly packumentCache full:https://registry.npmjs.org/qs cache-miss
229 silly fetch manifest raw-body@^3.0.2
230 silly packumentCache full:https://registry.npmjs.org/raw-body cache-miss
231 silly fetch manifest type-is@^2.1.0
232 silly packumentCache full:https://registry.npmjs.org/type-is cache-miss
233 silly fetch manifest ms@^2.1.3
234 silly packumentCache full:https://registry.npmjs.org/ms cache-miss
235 silly fetch manifest inherits@~2.0.4
236 silly packumentCache full:https://registry.npmjs.org/inherits cache-miss
237 silly fetch manifest setprototypeof@~1.2.0
238 silly packumentCache full:https://registry.npmjs.org/setprototypeof cache-miss
239 silly fetch manifest statuses@~2.0.2
240 silly packumentCache full:https://registry.npmjs.org/statuses cache-miss
241 silly fetch manifest toidentifier@~1.0.1
242 silly packumentCache full:https://registry.npmjs.org/toidentifier cache-miss
243 silly fetch manifest mime-db@^1.54.0
244 silly packumentCache full:https://registry.npmjs.org/mime-db cache-miss
245 silly fetch manifest ee-first@1.1.1
246 silly packumentCache full:https://registry.npmjs.org/ee-first cache-miss
247 http cache https://registry.npmjs.org/content-type 12ms (cache hit)
248 silly packumentCache full:https://registry.npmjs.org/content-type set size:18994 disposed:false
249 silly fetch manifest wrappy@1
250 silly packumentCache full:https://registry.npmjs.org/wrappy cache-miss
251 http cache https://registry.npmjs.org/http-errors 13ms (cache hit)
252 silly packumentCache full:https://registry.npmjs.org/http-errors set size:71987 disposed:false
253 silly fetch manifest forwarded@0.2.0
254 silly packumentCache full:https://registry.npmjs.org/forwarded cache-miss
255 http cache https://registry.npmjs.org/statuses 11ms (cache hit)
256 silly packumentCache full:https://registry.npmjs.org/statuses set size:37117 disposed:false
257 silly fetch manifest ipaddr.js@1.9.1
258 silly packumentCache full:https://registry.npmjs.org/ipaddr.js cache-miss
259 http cache https://registry.npmjs.org/type-is 14ms (cache hit)
260 silly packumentCache full:https://registry.npmjs.org/type-is set size:88614 disposed:false
261 silly fetch manifest side-channel@^1.1.1
262 silly packumentCache full:https://registry.npmjs.org/side-channel cache-miss
263 http cache https://registry.npmjs.org/qs 15ms (cache hit)
264 silly packumentCache full:https://registry.npmjs.org/qs set size:360318 disposed:false
265 silly fetch manifest es-define-property@^1.0.1
266 silly packumentCache full:https://registry.npmjs.org/es-define-property cache-miss
267 http fetch GET 200 https://registry.npmjs.org/negotiator 29ms (cache miss)
268 silly packumentCache full:https://registry.npmjs.org/negotiator set size:undefined disposed:false
269 silly fetch manifest is-promise@^4.0.0
270 silly packumentCache full:https://registry.npmjs.org/is-promise cache-miss
271 http fetch GET 200 https://registry.npmjs.org/bytes 31ms (cache miss)
272 silly packumentCache full:https://registry.npmjs.org/bytes set size:undefined disposed:false
273 silly fetch manifest path-to-regexp@^8.0.0
274 silly packumentCache full:https://registry.npmjs.org/path-to-regexp cache-miss
275 http fetch GET 200 https://registry.npmjs.org/raw-body 35ms (cache miss)
276 silly packumentCache full:https://registry.npmjs.org/raw-body set size:undefined disposed:false
277 silly fetch manifest ms@^2.1.3
278 silly packumentCache full:https://registry.npmjs.org/ms cache-miss
279 http fetch GET 200 https://registry.npmjs.org/setprototypeof 35ms (cache miss)
280 silly packumentCache full:https://registry.npmjs.org/setprototypeof set size:undefined disposed:false
281 silly fetch manifest statuses@^2.0.2
282 silly packumentCache full:https://registry.npmjs.org/statuses cache-hit
283 silly fetch manifest media-typer@^1.1.0
284 silly packumentCache full:https://registry.npmjs.org/media-typer cache-miss
285 http fetch GET 200 https://registry.npmjs.org/inherits 43ms (cache miss)
286 silly packumentCache full:https://registry.npmjs.org/inherits set size:undefined disposed:false
287 http fetch GET 200 https://registry.npmjs.org/wrappy 40ms (cache miss)
288 silly packumentCache full:https://registry.npmjs.org/wrappy set size:undefined disposed:false
289 http fetch GET 200 https://registry.npmjs.org/toidentifier 52ms (cache miss)
290 silly packumentCache full:https://registry.npmjs.org/toidentifier set size:undefined disposed:false
291 http fetch GET 200 https://registry.npmjs.org/ee-first 52ms (cache miss)
292 silly packumentCache full:https://registry.npmjs.org/ee-first set size:undefined disposed:false
293 http fetch GET 200 https://registry.npmjs.org/side-channel 40ms (cache miss)
294 silly packumentCache full:https://registry.npmjs.org/side-channel set size:undefined disposed:false
295 http fetch GET 200 https://registry.npmjs.org/es-define-property 39ms (cache miss)
296 silly packumentCache full:https://registry.npmjs.org/es-define-property set size:undefined disposed:false
297 http fetch GET 200 https://registry.npmjs.org/forwarded 44ms (cache miss)
298 silly packumentCache full:https://registry.npmjs.org/forwarded set size:undefined disposed:false
299 http fetch GET 200 https://registry.npmjs.org/iconv-lite 59ms (cache miss)
300 silly packumentCache full:https://registry.npmjs.org/iconv-lite set size:undefined disposed:false
301 http fetch GET 200 https://registry.npmjs.org/mime-db 59ms (cache miss)
302 silly packumentCache full:https://registry.npmjs.org/mime-db set size:undefined disposed:false
303 http fetch GET 200 https://registry.npmjs.org/ms 63ms (cache miss)
304 silly packumentCache full:https://registry.npmjs.org/ms set size:undefined disposed:false
305 http fetch GET 200 https://registry.npmjs.org/is-promise 38ms (cache miss)
306 silly packumentCache full:https://registry.npmjs.org/is-promise set size:undefined disposed:false
307 http fetch GET 200 https://registry.npmjs.org/ms 31ms (cache miss)
308 silly packumentCache full:https://registry.npmjs.org/ms set size:undefined disposed:false
309 http fetch GET 200 https://registry.npmjs.org/ipaddr.js 54ms (cache miss)
310 silly packumentCache full:https://registry.npmjs.org/ipaddr.js set size:undefined disposed:false
311 http fetch GET 200 https://registry.npmjs.org/path-to-regexp 38ms (cache miss)
312 silly packumentCache full:https://registry.npmjs.org/path-to-regexp set size:undefined disposed:false
313 http fetch GET 200 https://registry.npmjs.org/media-typer 286ms (cache miss)
314 silly packumentCache full:https://registry.npmjs.org/media-typer set size:undefined disposed:false
315 silly placeDep ROOT negotiator@1.0.0 OK for: accepts@2.0.0 want: ^1.0.0
316 silly placeDep ROOT bytes@3.1.2 OK for: body-parser@2.3.0 want: ^3.1.2
317 silly placeDep node_modules/body-parser content-type@2.0.0 OK for: body-parser@2.3.0 want: ^2.0.0
318 silly placeDep ROOT iconv-lite@0.7.2 OK for: body-parser@2.3.0 want: ^0.7.2
319 silly placeDep ROOT raw-body@3.0.2 OK for: body-parser@2.3.0 want: ^3.0.2
320 silly fetch manifest safer-buffer@>= 2.1.2 < 3.0.0
321 silly packumentCache full:https://registry.npmjs.org/safer-buffer cache-miss
322 silly fetch manifest unpipe@~1.0.0
323 silly packumentCache full:https://registry.npmjs.org/unpipe cache-miss
324 http fetch GET 200 https://registry.npmjs.org/unpipe 23ms (cache miss)
325 silly packumentCache full:https://registry.npmjs.org/unpipe set size:undefined disposed:false
326 http fetch GET 200 https://registry.npmjs.org/safer-buffer 34ms (cache miss)
327 silly packumentCache full:https://registry.npmjs.org/safer-buffer set size:undefined disposed:false
328 silly placeDep ROOT ms@2.1.3 OK for: debug@4.4.3 want: ^2.1.3
329 silly placeDep node_modules/express-session cookie-signature@1.0.7 OK for: express-session@1.19.0 want: ~1.0.7
330 silly placeDep node_modules/express-session debug@2.6.9 OK for: express-session@1.19.0 want: ~2.6.9
331 silly placeDep ROOT on-headers@1.1.0 OK for: express-session@1.19.0 want: ~1.1.0
332 silly placeDep ROOT safe-buffer@5.2.1 OK for: express-session@1.19.0 want: ~5.2.1
333 silly placeDep ROOT uid-safe@2.1.5 OK for: express-session@1.19.0 want: ~2.1.5
334 silly fetch manifest ms@2.0.0
335 silly packumentCache full:https://registry.npmjs.org/ms cache-miss
336 silly fetch manifest random-bytes@~1.0.0
337 silly packumentCache full:https://registry.npmjs.org/random-bytes cache-miss
338 http cache https://registry.npmjs.org/ms 5ms (cache hit)
339 silly packumentCache full:https://registry.npmjs.org/ms set size:92208 disposed:false
340 http fetch GET 200 https://registry.npmjs.org/random-bytes 27ms (cache miss)
341 silly packumentCache full:https://registry.npmjs.org/random-bytes set size:undefined disposed:false
342 silly placeDep ROOT inherits@2.0.4 OK for: http-errors@2.0.1 want: ~2.0.4
343 silly placeDep ROOT setprototypeof@1.2.0 OK for: http-errors@2.0.1 want: ~1.2.0
344 silly placeDep ROOT toidentifier@1.0.1 OK for: http-errors@2.0.1 want: ~1.0.1
345 silly placeDep ROOT safer-buffer@2.1.2 OK for: iconv-lite@0.7.2 want: >= 2.1.2 < 3.0.0
346 silly placeDep ROOT mime-db@1.54.0 OK for: mime-types@3.0.2 want: ^1.54.0
347 silly placeDep ROOT ee-first@1.1.1 OK for: on-finished@2.4.1 want: 1.1.1
348 silly placeDep ROOT wrappy@1.0.2 OK for: once@1.4.0 want: 1
349 silly placeDep ROOT forwarded@0.2.0 OK for: proxy-addr@2.0.7 want: 0.2.0
350 silly placeDep ROOT ipaddr.js@1.9.1 OK for: proxy-addr@2.0.7 want: 1.9.1
351 silly placeDep ROOT es-define-property@1.0.1 OK for: qs@6.15.3 want: ^1.0.1
352 silly placeDep ROOT side-channel@1.1.1 OK for: qs@6.15.3 want: ^1.1.1
353 silly fetch manifest es-errors@^1.3.0
354 silly packumentCache full:https://registry.npmjs.org/es-errors cache-miss
355 silly fetch manifest object-inspect@^1.13.4
356 silly packumentCache full:https://registry.npmjs.org/object-inspect cache-miss
357 silly fetch manifest side-channel-list@^1.0.1
358 silly packumentCache full:https://registry.npmjs.org/side-channel-list cache-miss
359 silly fetch manifest side-channel-map@^1.0.1
360 silly packumentCache full:https://registry.npmjs.org/side-channel-map cache-miss
361 silly fetch manifest side-channel-weakmap@^1.0.2
362 silly packumentCache full:https://registry.npmjs.org/side-channel-weakmap cache-miss
363 http fetch GET 200 https://registry.npmjs.org/side-channel-list 36ms (cache miss)
364 silly packumentCache full:https://registry.npmjs.org/side-channel-list set size:undefined disposed:false
365 http fetch GET 200 https://registry.npmjs.org/side-channel-weakmap 38ms (cache miss)
366 silly packumentCache full:https://registry.npmjs.org/side-channel-weakmap set size:undefined disposed:false
367 http fetch GET 200 https://registry.npmjs.org/es-errors 38ms (cache miss)
368 silly packumentCache full:https://registry.npmjs.org/es-errors set size:undefined disposed:false
369 http fetch GET 200 https://registry.npmjs.org/side-channel-map 39ms (cache miss)
370 silly packumentCache full:https://registry.npmjs.org/side-channel-map set size:undefined disposed:false
371 http fetch GET 200 https://registry.npmjs.org/object-inspect 40ms (cache miss)
372 silly packumentCache full:https://registry.npmjs.org/object-inspect set size:undefined disposed:false
373 silly placeDep ROOT unpipe@1.0.0 OK for: raw-body@3.0.2 want: ~1.0.0
374 silly placeDep ROOT is-promise@4.0.0 OK for: router@2.2.0 want: ^4.0.0
375 silly placeDep ROOT path-to-regexp@8.4.2 OK for: router@2.2.0 want: ^8.0.0
376 silly placeDep ROOT es-errors@1.3.0 OK for: side-channel@1.1.1 want: ^1.3.0
377 silly placeDep ROOT object-inspect@1.13.4 OK for: side-channel@1.1.1 want: ^1.13.4
378 silly placeDep ROOT side-channel-list@1.0.1 OK for: side-channel@1.1.1 want: ^1.0.1
379 silly placeDep ROOT side-channel-map@1.0.1 OK for: side-channel@1.1.1 want: ^1.0.1
380 silly placeDep ROOT side-channel-weakmap@1.0.2 OK for: side-channel@1.1.1 want: ^1.0.2
381 silly fetch manifest call-bound@^1.0.2
382 silly packumentCache full:https://registry.npmjs.org/call-bound cache-miss
383 silly fetch manifest get-intrinsic@^1.2.5
384 silly packumentCache full:https://registry.npmjs.org/get-intrinsic cache-miss
385 silly fetch manifest call-bound@^1.0.2
386 silly packumentCache full:https://registry.npmjs.org/call-bound cache-miss
387 silly fetch manifest get-intrinsic@^1.2.5
388 silly packumentCache full:https://registry.npmjs.org/get-intrinsic cache-miss
389 http fetch GET 200 https://registry.npmjs.org/call-bound 32ms (cache miss)
390 silly packumentCache full:https://registry.npmjs.org/call-bound set size:undefined disposed:false
391 http fetch GET 200 https://registry.npmjs.org/call-bound 32ms (cache miss)
392 silly packumentCache full:https://registry.npmjs.org/call-bound set size:undefined disposed:false
393 http fetch GET 200 https://registry.npmjs.org/get-intrinsic 33ms (cache miss)
394 silly packumentCache full:https://registry.npmjs.org/get-intrinsic set size:undefined disposed:false
395 http fetch GET 200 https://registry.npmjs.org/get-intrinsic 34ms (cache miss)
396 silly packumentCache full:https://registry.npmjs.org/get-intrinsic set size:undefined disposed:false
397 silly placeDep ROOT call-bound@1.0.4 OK for: side-channel-map@1.0.1 want: ^1.0.2
398 silly placeDep ROOT get-intrinsic@1.3.0 OK for: side-channel-map@1.0.1 want: ^1.2.5
399 silly fetch manifest call-bind-apply-helpers@^1.0.2
400 silly packumentCache full:https://registry.npmjs.org/call-bind-apply-helpers cache-miss
401 silly fetch manifest get-intrinsic@^1.3.0
402 silly packumentCache full:https://registry.npmjs.org/get-intrinsic cache-miss
403 silly fetch manifest gopd@^1.2.0
404 silly packumentCache full:https://registry.npmjs.org/gopd cache-miss
405 silly fetch manifest hasown@^2.0.2
406 silly packumentCache full:https://registry.npmjs.org/hasown cache-miss
407 silly fetch manifest get-proto@^1.0.1
408 silly packumentCache full:https://registry.npmjs.org/get-proto cache-miss
409 silly fetch manifest has-symbols@^1.1.0
410 silly packumentCache full:https://registry.npmjs.org/has-symbols cache-miss
411 silly fetch manifest function-bind@^1.1.2
412 silly packumentCache full:https://registry.npmjs.org/function-bind cache-miss
413 silly fetch manifest es-object-atoms@^1.1.1
414 silly packumentCache full:https://registry.npmjs.org/es-object-atoms cache-miss
415 silly fetch manifest math-intrinsics@^1.1.0
416 silly packumentCache full:https://registry.npmjs.org/math-intrinsics cache-miss
417 silly fetch manifest call-bind-apply-helpers@^1.0.2
418 silly packumentCache full:https://registry.npmjs.org/call-bind-apply-helpers cache-miss
419 http cache https://registry.npmjs.org/get-intrinsic 8ms (cache hit)
420 silly packumentCache full:https://registry.npmjs.org/get-intrinsic set size:60985 disposed:false
421 http fetch GET 200 https://registry.npmjs.org/get-proto 26ms (cache miss)
422 silly packumentCache full:https://registry.npmjs.org/get-proto set size:undefined disposed:false
423 http fetch GET 200 https://registry.npmjs.org/call-bind-apply-helpers 28ms (cache miss)
424 silly packumentCache full:https://registry.npmjs.org/call-bind-apply-helpers set size:undefined disposed:false
425 http fetch GET 200 https://registry.npmjs.org/es-object-atoms 28ms (cache miss)
426 silly packumentCache full:https://registry.npmjs.org/es-object-atoms set size:undefined disposed:false
427 http fetch GET 200 https://registry.npmjs.org/function-bind 29ms (cache miss)
428 silly packumentCache full:https://registry.npmjs.org/function-bind set size:undefined disposed:false
429 http fetch GET 200 https://registry.npmjs.org/hasown 30ms (cache miss)
430 silly packumentCache full:https://registry.npmjs.org/hasown set size:undefined disposed:false
431 http fetch GET 200 https://registry.npmjs.org/gopd 31ms (cache miss)
432 silly packumentCache full:https://registry.npmjs.org/gopd set size:undefined disposed:false
433 http fetch GET 200 https://registry.npmjs.org/call-bind-apply-helpers 33ms (cache miss)
434 silly packumentCache full:https://registry.npmjs.org/call-bind-apply-helpers set size:undefined disposed:false
435 http fetch GET 200 https://registry.npmjs.org/math-intrinsics 34ms (cache miss)
436 silly packumentCache full:https://registry.npmjs.org/math-intrinsics set size:undefined disposed:false
437 http fetch GET 200 https://registry.npmjs.org/has-symbols 35ms (cache miss)
438 silly packumentCache full:https://registry.npmjs.org/has-symbols set size:undefined disposed:false
439 silly placeDep ROOT call-bind-apply-helpers@1.0.2 OK for: call-bound@1.0.4 want: ^1.0.2
440 silly placeDep ROOT function-bind@1.1.2 OK for: call-bind-apply-helpers@1.0.2 want: ^1.1.2
441 silly placeDep ROOT es-object-atoms@1.1.2 OK for: get-intrinsic@1.3.0 want: ^1.1.1
442 silly placeDep ROOT get-proto@1.0.1 OK for: get-intrinsic@1.3.0 want: ^1.0.1
443 silly placeDep ROOT gopd@1.2.0 OK for: get-intrinsic@1.3.0 want: ^1.2.0
444 silly placeDep ROOT has-symbols@1.1.0 OK for: get-intrinsic@1.3.0 want: ^1.1.0
445 silly placeDep ROOT hasown@2.0.4 OK for: get-intrinsic@1.3.0 want: ^2.0.2
446 silly placeDep ROOT math-intrinsics@1.1.0 OK for: get-intrinsic@1.3.0 want: ^1.1.0
447 silly fetch manifest dunder-proto@^1.0.1
448 silly packumentCache full:https://registry.npmjs.org/dunder-proto cache-miss
449 http fetch GET 200 https://registry.npmjs.org/dunder-proto 34ms (cache miss)
450 silly packumentCache full:https://registry.npmjs.org/dunder-proto set size:undefined disposed:false
451 silly placeDep ROOT dunder-proto@1.0.1 OK for: get-proto@1.0.1 want: ^1.0.1
452 silly placeDep node_modules/type-is content-type@2.0.0 OK for: type-is@2.1.0 want: ^2.0.0
453 silly placeDep ROOT media-typer@1.1.0 OK for: type-is@2.1.0 want: ^1.1.0
454 silly placeDep ROOT random-bytes@1.0.0 OK for: uid-safe@2.1.5 want: ~1.0.0
455 silly placeDep node_modules/express-session ms@2.0.0 OK for: debug@2.6.9 want: 2.0.0
456 silly reify moves {}
457 silly audit bulk request {
457 silly audit   cors: [ '2.8.6' ],
457 silly audit   express: [ '5.2.1' ],
457 silly audit   'express-session': [ '1.19.0' ],
457 silly audit   uuid: [ '14.0.1' ],
457 silly audit   'object-assign': [ '4.1.1' ],
457 silly audit   vary: [ '1.1.2' ],
457 silly audit   accepts: [ '2.0.0' ],
457 silly audit   'body-parser': [ '2.3.0' ],
457 silly audit   'content-disposition': [ '1.1.0' ],
457 silly audit   'content-type': [ '1.0.5', '2.0.0' ],
457 silly audit   cookie: [ '0.7.2' ],
457 silly audit   'cookie-signature': [ '1.2.2', '1.0.7' ],
457 silly audit   debug: [ '4.4.3', '2.6.9' ],
457 silly audit   depd: [ '2.0.0' ],
457 silly audit   encodeurl: [ '2.0.0' ],
457 silly audit   'escape-html': [ '1.0.3' ],
457 silly audit   etag: [ '1.8.1' ],
457 silly audit   finalhandler: [ '2.1.1' ],
457 silly audit   fresh: [ '2.0.0' ],
457 silly audit   'http-errors': [ '2.0.1' ],
457 silly audit   'merge-descriptors': [ '2.0.0' ],
457 silly audit   'mime-types': [ '3.0.2' ],
457 silly audit   'on-finished': [ '2.4.1' ],
457 silly audit   once: [ '1.4.0' ],
457 silly audit   parseurl: [ '1.3.3' ],
457 silly audit   'proxy-addr': [ '2.0.7' ],
457 silly audit   qs: [ '6.15.3' ],
457 silly audit   'range-parser': [ '1.3.0' ],
457 silly audit   router: [ '2.2.0' ],
457 silly audit   send: [ '1.2.1' ],
457 silly audit   'serve-static': [ '2.2.1' ],
457 silly audit   statuses: [ '2.0.2' ],
457 silly audit   'type-is': [ '2.1.0' ],
457 silly audit   negotiator: [ '1.0.0' ],
457 silly audit   bytes: [ '3.1.2' ],
457 silly audit   'iconv-lite': [ '0.7.2' ],
457 silly audit   'raw-body': [ '3.0.2' ],
457 silly audit   ms: [ '2.1.3', '2.0.0' ],
457 silly audit   'on-headers': [ '1.1.0' ],
457 silly audit   'safe-buffer': [ '5.2.1' ],
457 silly audit   'uid-safe': [ '2.1.5' ],
457 silly audit   inherits: [ '2.0.4' ],
457 silly audit   setprototypeof: [ '1.2.0' ],
457 silly audit   toidentifier: [ '1.0.1' ],
457 silly audit   'safer-buffer': [ '2.1.2' ],
457 silly audit   'mime-db': [ '1.54.0' ],
457 silly audit   'ee-first': [ '1.1.1' ],
457 silly audit   wrappy: [ '1.0.2' ],
457 silly audit   forwarded: [ '0.2.0' ],
457 silly audit   'ipaddr.js': [ '1.9.1' ],
457 silly audit   'es-define-property': [ '1.0.1' ],
457 silly audit   'side-channel': [ '1.1.1' ],
457 silly audit   unpipe: [ '1.0.0' ],
457 silly audit   'is-promise': [ '4.0.0' ],
457 silly audit   'path-to-regexp': [ '8.4.2' ],
457 silly audit   'es-errors': [ '1.3.0' ],
457 silly audit   'object-inspect': [ '1.13.4' ],
457 silly audit   'side-channel-list': [ '1.0.1' ],
457 silly audit   'side-channel-map': [ '1.0.1' ],
457 silly audit   'side-channel-weakmap': [ '1.0.2' ],
457 silly audit   'call-bound': [ '1.0.4' ],
457 silly audit   'get-intrinsic': [ '1.3.0' ],
457 silly audit   'call-bind-apply-helpers': [ '1.0.2' ],
457 silly audit   'function-bind': [ '1.1.2' ],
457 silly audit   'es-object-atoms': [ '1.1.2' ],
457 silly audit   'get-proto': [ '1.0.1' ],
457 silly audit   gopd: [ '1.2.0' ],
457 silly audit   'has-symbols': [ '1.1.0' ],
457 silly audit   hasown: [ '2.0.4' ],
457 silly audit   'math-intrinsics': [ '1.1.0' ],
457 silly audit   'dunder-proto': [ '1.0.1' ],
457 silly audit   'media-typer': [ '1.1.0' ],
457 silly audit   'random-bytes': [ '1.0.0' ]
457 silly audit }
458 http cache random-bytes@https://registry.npmjs.org/random-bytes/-/random-bytes-1.0.0.tgz 0ms (cache hit)
459 http cache media-typer@https://registry.npmjs.org/media-typer/-/media-typer-1.1.0.tgz 0ms (cache hit)
460 http cache math-intrinsics@https://registry.npmjs.org/math-intrinsics/-/math-intrinsics-1.1.0.tgz 0ms (cache hit)
461 http cache dunder-proto@https://registry.npmjs.org/dunder-proto/-/dunder-proto-1.0.1.tgz 0ms (cache hit)
462 http cache hasown@https://registry.npmjs.org/hasown/-/hasown-2.0.4.tgz 0ms (cache hit)
463 http cache has-symbols@https://registry.npmjs.org/has-symbols/-/has-symbols-1.1.0.tgz 0ms (cache hit)
464 http cache gopd@https://registry.npmjs.org/gopd/-/gopd-1.2.0.tgz 0ms (cache hit)
465 http cache get-proto@https://registry.npmjs.org/get-proto/-/get-proto-1.0.1.tgz 0ms (cache hit)
466 http cache es-object-atoms@https://registry.npmjs.org/es-object-atoms/-/es-object-atoms-1.1.2.tgz 0ms (cache hit)
467 http cache function-bind@https://registry.npmjs.org/function-bind/-/function-bind-1.1.2.tgz 0ms (cache hit)
468 http cache call-bind-apply-helpers@https://registry.npmjs.org/call-bind-apply-helpers/-/call-bind-apply-helpers-1.0.2.tgz 0ms (cache hit)
469 http cache get-intrinsic@https://registry.npmjs.org/get-intrinsic/-/get-intrinsic-1.3.0.tgz 0ms (cache hit)
470 http cache side-channel-weakmap@https://registry.npmjs.org/side-channel-weakmap/-/side-channel-weakmap-1.0.2.tgz 0ms (cache hit)
471 http cache side-channel-map@https://registry.npmjs.org/side-channel-map/-/side-channel-map-1.0.1.tgz 0ms (cache hit)
472 http cache side-channel-list@https://registry.npmjs.org/side-channel-list/-/side-channel-list-1.0.1.tgz 0ms (cache hit)
473 http cache object-inspect@https://registry.npmjs.org/object-inspect/-/object-inspect-1.13.4.tgz 0ms (cache hit)
474 http cache call-bound@https://registry.npmjs.org/call-bound/-/call-bound-1.0.4.tgz 0ms (cache hit)
475 http cache path-to-regexp@https://registry.npmjs.org/path-to-regexp/-/path-to-regexp-8.4.2.tgz 0ms (cache hit)
476 http cache es-errors@https://registry.npmjs.org/es-errors/-/es-errors-1.3.0.tgz 0ms (cache hit)
477 http cache is-promise@https://registry.npmjs.org/is-promise/-/is-promise-4.0.0.tgz 0ms (cache hit)
478 http cache unpipe@https://registry.npmjs.org/unpipe/-/unpipe-1.0.0.tgz 0ms (cache hit)
479 http cache side-channel@https://registry.npmjs.org/side-channel/-/side-channel-1.1.1.tgz 0ms (cache hit)
480 http cache ipaddr.js@https://registry.npmjs.org/ipaddr.js/-/ipaddr.js-1.9.1.tgz 0ms (cache hit)
481 http cache es-define-property@https://registry.npmjs.org/es-define-property/-/es-define-property-1.0.1.tgz 0ms (cache hit)
482 http cache forwarded@https://registry.npmjs.org/forwarded/-/forwarded-0.2.0.tgz 0ms (cache hit)
483 http cache wrappy@https://registry.npmjs.org/wrappy/-/wrappy-1.0.2.tgz 0ms (cache hit)
484 http cache ee-first@https://registry.npmjs.org/ee-first/-/ee-first-1.1.1.tgz 0ms (cache hit)
485 http cache toidentifier@https://registry.npmjs.org/toidentifier/-/toidentifier-1.0.1.tgz 0ms (cache hit)
486 http cache safer-buffer@https://registry.npmjs.org/safer-buffer/-/safer-buffer-2.1.2.tgz 0ms (cache hit)
487 http cache mime-db@https://registry.npmjs.org/mime-db/-/mime-db-1.54.0.tgz 0ms (cache hit)
488 http cache setprototypeof@https://registry.npmjs.org/setprototypeof/-/setprototypeof-1.2.0.tgz 0ms (cache hit)
489 http cache uid-safe@https://registry.npmjs.org/uid-safe/-/uid-safe-2.1.5.tgz 0ms (cache hit)
490 http cache safe-buffer@https://registry.npmjs.org/safe-buffer/-/safe-buffer-5.2.1.tgz 0ms (cache hit)
491 http cache inherits@https://registry.npmjs.org/inherits/-/inherits-2.0.4.tgz 0ms (cache hit)
492 http cache on-headers@https://registry.npmjs.org/on-headers/-/on-headers-1.1.0.tgz 0ms (cache hit)
493 http cache ms@https://registry.npmjs.org/ms/-/ms-2.1.3.tgz 0ms (cache hit)
494 http cache iconv-lite@https://registry.npmjs.org/iconv-lite/-/iconv-lite-0.7.2.tgz 0ms (cache hit)
495 http cache raw-body@https://registry.npmjs.org/raw-body/-/raw-body-3.0.2.tgz 0ms (cache hit)
496 http cache bytes@https://registry.npmjs.org/bytes/-/bytes-3.1.2.tgz 0ms (cache hit)
497 http cache serve-static@https://registry.npmjs.org/serve-static/-/serve-static-2.2.1.tgz 0ms (cache hit)
498 http cache negotiator@https://registry.npmjs.org/negotiator/-/negotiator-1.0.0.tgz 0ms (cache hit)
499 http cache type-is@https://registry.npmjs.org/type-is/-/type-is-2.1.0.tgz 0ms (cache hit)
500 http cache statuses@https://registry.npmjs.org/statuses/-/statuses-2.0.2.tgz 0ms (cache hit)
501 http cache send@https://registry.npmjs.org/send/-/send-1.2.1.tgz 0ms (cache hit)
502 http cache range-parser@https://registry.npmjs.org/range-parser/-/range-parser-1.3.0.tgz 0ms (cache hit)
503 http cache proxy-addr@https://registry.npmjs.org/proxy-addr/-/proxy-addr-2.0.7.tgz 0ms (cache hit)
504 http cache parseurl@https://registry.npmjs.org/parseurl/-/parseurl-1.3.3.tgz 0ms (cache hit)
505 http cache once@https://registry.npmjs.org/once/-/once-1.4.0.tgz 0ms (cache hit)
506 http cache on-finished@https://registry.npmjs.org/on-finished/-/on-finished-2.4.1.tgz 0ms (cache hit)
507 http cache mime-types@https://registry.npmjs.org/mime-types/-/mime-types-3.0.2.tgz 0ms (cache hit)
508 http cache http-errors@https://registry.npmjs.org/http-errors/-/http-errors-2.0.1.tgz 0ms (cache hit)
509 http cache merge-descriptors@https://registry.npmjs.org/merge-descriptors/-/merge-descriptors-2.0.0.tgz 0ms (cache hit)
510 http cache qs@https://registry.npmjs.org/qs/-/qs-6.15.3.tgz 0ms (cache hit)
511 http cache etag@https://registry.npmjs.org/etag/-/etag-1.8.1.tgz 0ms (cache hit)
512 http cache router@https://registry.npmjs.org/router/-/router-2.2.0.tgz 0ms (cache hit)
513 http cache encodeurl@https://registry.npmjs.org/encodeurl/-/encodeurl-2.0.0.tgz 0ms (cache hit)
514 http cache finalhandler@https://registry.npmjs.org/finalhandler/-/finalhandler-2.1.1.tgz 0ms (cache hit)
515 http cache escape-html@https://registry.npmjs.org/escape-html/-/escape-html-1.0.3.tgz 0ms (cache hit)
516 http cache depd@https://registry.npmjs.org/depd/-/depd-2.0.0.tgz 0ms (cache hit)
517 http cache cookie@https://registry.npmjs.org/cookie/-/cookie-0.7.2.tgz 0ms (cache hit)
518 http cache debug@https://registry.npmjs.org/debug/-/debug-4.4.3.tgz 0ms (cache hit)
519 http cache content-type@https://registry.npmjs.org/content-type/-/content-type-1.0.5.tgz 0ms (cache hit)
520 http cache cookie-signature@https://registry.npmjs.org/cookie-signature/-/cookie-signature-1.2.2.tgz 0ms (cache hit)
521 http cache content-disposition@https://registry.npmjs.org/content-disposition/-/content-disposition-1.1.0.tgz 0ms (cache hit)
522 http cache accepts@https://registry.npmjs.org/accepts/-/accepts-2.0.0.tgz 0ms (cache hit)
523 http cache vary@https://registry.npmjs.org/vary/-/vary-1.1.2.tgz 0ms (cache hit)
524 http cache object-assign@https://registry.npmjs.org/object-assign/-/object-assign-4.1.1.tgz 0ms (cache hit)
525 http cache uuid@https://registry.npmjs.org/uuid/-/uuid-14.0.1.tgz 0ms (cache hit)
526 http cache content-type@https://registry.npmjs.org/content-type/-/content-type-2.0.0.tgz 0ms (cache hit)
527 http cache body-parser@https://registry.npmjs.org/body-parser/-/body-parser-2.3.0.tgz 0ms (cache hit)
528 http cache ms@https://registry.npmjs.org/ms/-/ms-2.0.0.tgz 0ms (cache hit)
529 http cache express@https://registry.npmjs.org/express/-/express-5.2.1.tgz 0ms (cache hit)
530 http cache cors@https://registry.npmjs.org/cors/-/cors-2.8.6.tgz 0ms (cache hit)
531 http cache cookie-signature@https://registry.npmjs.org/cookie-signature/-/cookie-signature-1.0.7.tgz 0ms (cache hit)
532 http cache debug@https://registry.npmjs.org/debug/-/debug-2.6.9.tgz 0ms (cache hit)
533 http cache fresh@https://registry.npmjs.org/fresh/-/fresh-2.0.0.tgz 0ms (cache hit)
534 http cache express-session@https://registry.npmjs.org/express-session/-/express-session-1.19.0.tgz 0ms (cache hit)
535 http cache content-type@https://registry.npmjs.org/content-type/-/content-type-2.0.0.tgz 0ms (cache hit)
536 silly tarball no local data for random-bytes@https://registry.npmjs.org/random-bytes/-/random-bytes-1.0.0.tgz. Extracting by manifest.
537 silly tarball no local data for media-typer@https://registry.npmjs.org/media-typer/-/media-typer-1.1.0.tgz. Extracting by manifest.
538 silly tarball no local data for math-intrinsics@https://registry.npmjs.org/math-intrinsics/-/math-intrinsics-1.1.0.tgz. Extracting by manifest.
539 silly tarball no local data for dunder-proto@https://registry.npmjs.org/dunder-proto/-/dunder-proto-1.0.1.tgz. Extracting by manifest.
540 silly tarball no local data for hasown@https://registry.npmjs.org/hasown/-/hasown-2.0.4.tgz. Extracting by manifest.
541 silly tarball no local data for has-symbols@https://registry.npmjs.org/has-symbols/-/has-symbols-1.1.0.tgz. Extracting by manifest.
542 silly tarball no local data for gopd@https://registry.npmjs.org/gopd/-/gopd-1.2.0.tgz. Extracting by manifest.
543 silly tarball no local data for get-proto@https://registry.npmjs.org/get-proto/-/get-proto-1.0.1.tgz. Extracting by manifest.
544 silly tarball no local data for es-object-atoms@https://registry.npmjs.org/es-object-atoms/-/es-object-atoms-1.1.2.tgz. Extracting by manifest.
545 silly tarball no local data for function-bind@https://registry.npmjs.org/function-bind/-/function-bind-1.1.2.tgz. Extracting by manifest.
546 silly tarball no local data for call-bind-apply-helpers@https://registry.npmjs.org/call-bind-apply-helpers/-/call-bind-apply-helpers-1.0.2.tgz. Extracting by manifest.
547 silly tarball no local data for get-intrinsic@https://registry.npmjs.org/get-intrinsic/-/get-intrinsic-1.3.0.tgz. Extracting by manifest.
548 silly tarball no local data for side-channel-weakmap@https://registry.npmjs.org/side-channel-weakmap/-/side-channel-weakmap-1.0.2.tgz. Extracting by manifest.
549 silly tarball no local data for side-channel-map@https://registry.npmjs.org/side-channel-map/-/side-channel-map-1.0.1.tgz. Extracting by manifest.
550 silly tarball no local data for side-channel-list@https://registry.npmjs.org/side-channel-list/-/side-channel-list-1.0.1.tgz. Extracting by manifest.
551 silly tarball no local data for object-inspect@https://registry.npmjs.org/object-inspect/-/object-inspect-1.13.4.tgz. Extracting by manifest.
552 silly tarball no local data for call-bound@https://registry.npmjs.org/call-bound/-/call-bound-1.0.4.tgz. Extracting by manifest.
553 silly tarball no local data for path-to-regexp@https://registry.npmjs.org/path-to-regexp/-/path-to-regexp-8.4.2.tgz. Extracting by manifest.
554 silly tarball no local data for es-errors@https://registry.npmjs.org/es-errors/-/es-errors-1.3.0.tgz. Extracting by manifest.
555 silly tarball no local data for is-promise@https://registry.npmjs.org/is-promise/-/is-promise-4.0.0.tgz. Extracting by manifest.
556 silly tarball no local data for unpipe@https://registry.npmjs.org/unpipe/-/unpipe-1.0.0.tgz. Extracting by manifest.
557 silly tarball no local data for side-channel@https://registry.npmjs.org/side-channel/-/side-channel-1.1.1.tgz. Extracting by manifest.
558 silly tarball no local data for ipaddr.js@https://registry.npmjs.org/ipaddr.js/-/ipaddr.js-1.9.1.tgz. Extracting by manifest.
559 silly tarball no local data for es-define-property@https://registry.npmjs.org/es-define-property/-/es-define-property-1.0.1.tgz. Extracting by manifest.
560 silly tarball no local data for forwarded@https://registry.npmjs.org/forwarded/-/forwarded-0.2.0.tgz. Extracting by manifest.
561 silly tarball no local data for wrappy@https://registry.npmjs.org/wrappy/-/wrappy-1.0.2.tgz. Extracting by manifest.
562 silly tarball no local data for ee-first@https://registry.npmjs.org/ee-first/-/ee-first-1.1.1.tgz. Extracting by manifest.
563 silly tarball no local data for toidentifier@https://registry.npmjs.org/toidentifier/-/toidentifier-1.0.1.tgz. Extracting by manifest.
564 silly tarball no local data for safer-buffer@https://registry.npmjs.org/safer-buffer/-/safer-buffer-2.1.2.tgz. Extracting by manifest.
565 silly tarball no local data for mime-db@https://registry.npmjs.org/mime-db/-/mime-db-1.54.0.tgz. Extracting by manifest.
566 silly tarball no local data for setprototypeof@https://registry.npmjs.org/setprototypeof/-/setprototypeof-1.2.0.tgz. Extracting by manifest.
567 silly tarball no local data for uid-safe@https://registry.npmjs.org/uid-safe/-/uid-safe-2.1.5.tgz. Extracting by manifest.
568 silly tarball no local data for safe-buffer@https://registry.npmjs.org/safe-buffer/-/safe-buffer-5.2.1.tgz. Extracting by manifest.
569 silly tarball no local data for inherits@https://registry.npmjs.org/inherits/-/inherits-2.0.4.tgz. Extracting by manifest.
570 silly tarball no local data for on-headers@https://registry.npmjs.org/on-headers/-/on-headers-1.1.0.tgz. Extracting by manifest.
571 silly tarball no local data for ms@https://registry.npmjs.org/ms/-/ms-2.1.3.tgz. Extracting by manifest.
572 silly tarball no local data for iconv-lite@https://registry.npmjs.org/iconv-lite/-/iconv-lite-0.7.2.tgz. Extracting by manifest.
573 silly tarball no local data for raw-body@https://registry.npmjs.org/raw-body/-/raw-body-3.0.2.tgz. Extracting by manifest.
574 silly tarball no local data for bytes@https://registry.npmjs.org/bytes/-/bytes-3.1.2.tgz. Extracting by manifest.
575 silly tarball no local data for serve-static@https://registry.npmjs.org/serve-static/-/serve-static-2.2.1.tgz. Extracting by manifest.
576 silly tarball no local data for negotiator@https://registry.npmjs.org/negotiator/-/negotiator-1.0.0.tgz. Extracting by manifest.
577 silly tarball no local data for type-is@https://registry.npmjs.org/type-is/-/type-is-2.1.0.tgz. Extracting by manifest.
578 silly tarball no local data for statuses@https://registry.npmjs.org/statuses/-/statuses-2.0.2.tgz. Extracting by manifest.
579 silly tarball no local data for send@https://registry.npmjs.org/send/-/send-1.2.1.tgz. Extracting by manifest.
580 silly tarball no local data for range-parser@https://registry.npmjs.org/range-parser/-/range-parser-1.3.0.tgz. Extracting by manifest.
581 silly tarball no local data for proxy-addr@https://registry.npmjs.org/proxy-addr/-/proxy-addr-2.0.7.tgz. Extracting by manifest.
582 silly tarball no local data for parseurl@https://registry.npmjs.org/parseurl/-/parseurl-1.3.3.tgz. Extracting by manifest.
583 silly tarball no local data for once@https://registry.npmjs.org/once/-/once-1.4.0.tgz. Extracting by manifest.
584 silly tarball no local data for on-finished@https://registry.npmjs.org/on-finished/-/on-finished-2.4.1.tgz. Extracting by manifest.
585 silly tarball no local data for mime-types@https://registry.npmjs.org/mime-types/-/mime-types-3.0.2.tgz. Extracting by manifest.
586 silly tarball no local data for http-errors@https://registry.npmjs.org/http-errors/-/http-errors-2.0.1.tgz. Extracting by manifest.
587 silly tarball no local data for merge-descriptors@https://registry.npmjs.org/merge-descriptors/-/merge-descriptors-2.0.0.tgz. Extracting by manifest.
588 silly tarball no local data for qs@https://registry.npmjs.org/qs/-/qs-6.15.3.tgz. Extracting by manifest.
589 silly tarball no local data for etag@https://registry.npmjs.org/etag/-/etag-1.8.1.tgz. Extracting by manifest.
590 silly tarball no local data for router@https://registry.npmjs.org/router/-/router-2.2.0.tgz. Extracting by manifest.
591 silly tarball no local data for encodeurl@https://registry.npmjs.org/encodeurl/-/encodeurl-2.0.0.tgz. Extracting by manifest.
592 silly tarball no local data for finalhandler@https://registry.npmjs.org/finalhandler/-/finalhandler-2.1.1.tgz. Extracting by manifest.
593 silly tarball no local data for escape-html@https://registry.npmjs.org/escape-html/-/escape-html-1.0.3.tgz. Extracting by manifest.
594 silly tarball no local data for depd@https://registry.npmjs.org/depd/-/depd-2.0.0.tgz. Extracting by manifest.
595 silly tarball no local data for cookie@https://registry.npmjs.org/cookie/-/cookie-0.7.2.tgz. Extracting by manifest.
596 silly tarball no local data for debug@https://registry.npmjs.org/debug/-/debug-4.4.3.tgz. Extracting by manifest.
597 silly tarball no local data for content-type@https://registry.npmjs.org/content-type/-/content-type-1.0.5.tgz. Extracting by manifest.
598 silly tarball no local data for cookie-signature@https://registry.npmjs.org/cookie-signature/-/cookie-signature-1.2.2.tgz. Extracting by manifest.
599 silly tarball no local data for content-disposition@https://registry.npmjs.org/content-disposition/-/content-disposition-1.1.0.tgz. Extracting by manifest.
600 silly tarball no local data for accepts@https://registry.npmjs.org/accepts/-/accepts-2.0.0.tgz. Extracting by manifest.
601 silly tarball no local data for vary@https://registry.npmjs.org/vary/-/vary-1.1.2.tgz. Extracting by manifest.
602 silly tarball no local data for object-assign@https://registry.npmjs.org/object-assign/-/object-assign-4.1.1.tgz. Extracting by manifest.
603 silly tarball no local data for uuid@https://registry.npmjs.org/uuid/-/uuid-14.0.1.tgz. Extracting by manifest.
604 silly tarball no local data for content-type@https://registry.npmjs.org/content-type/-/content-type-2.0.0.tgz. Extracting by manifest.
605 silly tarball no local data for body-parser@https://registry.npmjs.org/body-parser/-/body-parser-2.3.0.tgz. Extracting by manifest.
606 silly tarball no local data for ms@https://registry.npmjs.org/ms/-/ms-2.0.0.tgz. Extracting by manifest.
607 silly tarball no local data for express@https://registry.npmjs.org/express/-/express-5.2.1.tgz. Extracting by manifest.
608 silly tarball no local data for cors@https://registry.npmjs.org/cors/-/cors-2.8.6.tgz. Extracting by manifest.
609 silly tarball no local data for cookie-signature@https://registry.npmjs.org/cookie-signature/-/cookie-signature-1.0.7.tgz. Extracting by manifest.
610 silly tarball no local data for debug@https://registry.npmjs.org/debug/-/debug-2.6.9.tgz. Extracting by manifest.
611 silly tarball no local data for fresh@https://registry.npmjs.org/fresh/-/fresh-2.0.0.tgz. Extracting by manifest.
612 silly tarball no local data for express-session@https://registry.npmjs.org/express-session/-/express-session-1.19.0.tgz. Extracting by manifest.
613 silly tarball no local data for content-type@https://registry.npmjs.org/content-type/-/content-type-2.0.0.tgz. Extracting by manifest.
614 http fetch GET 200 https://registry.npmjs.org/random-bytes/-/random-bytes-1.0.0.tgz 85ms (cache miss)
615 http fetch GET 200 https://registry.npmjs.org/media-typer/-/media-typer-1.1.0.tgz 86ms (cache miss)
616 http fetch GET 200 https://registry.npmjs.org/is-promise/-/is-promise-4.0.0.tgz 91ms (cache miss)
617 http fetch GET 200 https://registry.npmjs.org/unpipe/-/unpipe-1.0.0.tgz 92ms (cache miss)
618 http fetch GET 200 https://registry.npmjs.org/hasown/-/hasown-2.0.4.tgz 122ms (cache miss)
619 http fetch GET 200 https://registry.npmjs.org/ipaddr.js/-/ipaddr.js-1.9.1.tgz 120ms (cache miss)
620 http fetch GET 200 https://registry.npmjs.org/forwarded/-/forwarded-0.2.0.tgz 124ms (cache miss)
621 http fetch GET 200 https://registry.npmjs.org/path-to-regexp/-/path-to-regexp-8.4.2.tgz 129ms (cache miss)
622 http fetch GET 200 https://registry.npmjs.org/ee-first/-/ee-first-1.1.1.tgz 136ms (cache miss)
623 http fetch GET 200 https://registry.npmjs.org/setprototypeof/-/setprototypeof-1.2.0.tgz 144ms (cache miss)
624 http fetch GET 200 https://registry.npmjs.org/toidentifier/-/toidentifier-1.0.1.tgz 145ms (cache miss)
625 http fetch GET 200 https://registry.npmjs.org/on-headers/-/on-headers-1.1.0.tgz 145ms (cache miss)
626 http fetch GET 200 https://registry.npmjs.org/function-bind/-/function-bind-1.1.2.tgz 150ms (cache miss)
627 http fetch GET 200 https://registry.npmjs.org/wrappy/-/wrappy-1.0.2.tgz 148ms (cache miss)
628 http fetch GET 200 https://registry.npmjs.org/inherits/-/inherits-2.0.4.tgz 147ms (cache miss)
629 http fetch GET 200 https://registry.npmjs.org/uid-safe/-/uid-safe-2.1.5.tgz 147ms (cache miss)
630 http fetch GET 200 https://registry.npmjs.org/get-intrinsic/-/get-intrinsic-1.3.0.tgz 154ms (cache miss)
631 http fetch GET 200 https://registry.npmjs.org/gopd/-/gopd-1.2.0.tgz 156ms (cache miss)
632 http fetch GET 200 https://registry.npmjs.org/safe-buffer/-/safe-buffer-5.2.1.tgz 151ms (cache miss)
633 http fetch GET 200 https://registry.npmjs.org/side-channel-map/-/side-channel-map-1.0.1.tgz 154ms (cache miss)
634 http fetch GET 200 https://registry.npmjs.org/ms/-/ms-2.1.3.tgz 154ms (cache miss)
635 http fetch GET 200 https://registry.npmjs.org/bytes/-/bytes-3.1.2.tgz 158ms (cache miss)
636 http fetch GET 200 https://registry.npmjs.org/call-bound/-/call-bound-1.0.4.tgz 162ms (cache miss)
637 http fetch GET 200 https://registry.npmjs.org/side-channel-weakmap/-/side-channel-weakmap-1.0.2.tgz 163ms (cache miss)
638 http fetch GET 200 https://registry.npmjs.org/once/-/once-1.4.0.tgz 164ms (cache miss)
639 http fetch GET 200 https://registry.npmjs.org/side-channel-list/-/side-channel-list-1.0.1.tgz 170ms (cache miss)
640 http fetch GET 200 https://registry.npmjs.org/type-is/-/type-is-2.1.0.tgz 171ms (cache miss)
641 http fetch GET 200 https://registry.npmjs.org/serve-static/-/serve-static-2.2.1.tgz 171ms (cache miss)
642 http fetch GET 200 https://registry.npmjs.org/raw-body/-/raw-body-3.0.2.tgz 173ms (cache miss)
643 http fetch GET 200 https://registry.npmjs.org/safer-buffer/-/safer-buffer-2.1.2.tgz 178ms (cache miss)
644 http fetch GET 200 https://registry.npmjs.org/on-finished/-/on-finished-2.4.1.tgz 175ms (cache miss)
645 http fetch GET 200 https://registry.npmjs.org/get-proto/-/get-proto-1.0.1.tgz 182ms (cache miss)
646 http fetch GET 200 https://registry.npmjs.org/range-parser/-/range-parser-1.3.0.tgz 177ms (cache miss)
647 http fetch GET 200 https://registry.npmjs.org/proxy-addr/-/proxy-addr-2.0.7.tgz 177ms (cache miss)
648 http fetch GET 200 https://registry.npmjs.org/send/-/send-1.2.1.tgz 177ms (cache miss)
649 http fetch GET 200 https://registry.npmjs.org/dunder-proto/-/dunder-proto-1.0.1.tgz 188ms (cache miss)
650 http fetch GET 200 https://registry.npmjs.org/statuses/-/statuses-2.0.2.tgz 182ms (cache miss)
651 http fetch GET 200 https://registry.npmjs.org/es-object-atoms/-/es-object-atoms-1.1.2.tgz 188ms (cache miss)
652 http fetch GET 200 https://registry.npmjs.org/side-channel/-/side-channel-1.1.1.tgz 188ms (cache miss)
653 http fetch GET 200 https://registry.npmjs.org/http-errors/-/http-errors-2.0.1.tgz 183ms (cache miss)
654 http fetch GET 200 https://registry.npmjs.org/parseurl/-/parseurl-1.3.3.tgz 184ms (cache miss)
655 http fetch GET 200 https://registry.npmjs.org/merge-descriptors/-/merge-descriptors-2.0.0.tgz 186ms (cache miss)
656 http fetch GET 200 https://registry.npmjs.org/mime-db/-/mime-db-1.54.0.tgz 191ms (cache miss)
657 http fetch GET 200 https://registry.npmjs.org/escape-html/-/escape-html-1.0.3.tgz 187ms (cache miss)
658 http fetch GET 200 https://registry.npmjs.org/encodeurl/-/encodeurl-2.0.0.tgz 189ms (cache miss)
659 http fetch GET 200 https://registry.npmjs.org/finalhandler/-/finalhandler-2.1.1.tgz 189ms (cache miss)
660 http fetch GET 200 https://registry.npmjs.org/es-define-property/-/es-define-property-1.0.1.tgz 194ms (cache miss)
661 http fetch GET 200 https://registry.npmjs.org/has-symbols/-/has-symbols-1.1.0.tgz 200ms (cache miss)
662 http fetch GET 200 https://registry.npmjs.org/etag/-/etag-1.8.1.tgz 195ms (cache miss)
663 http fetch GET 200 https://registry.npmjs.org/mime-types/-/mime-types-3.0.2.tgz 199ms (cache miss)
664 http fetch GET 200 https://registry.npmjs.org/cookie-signature/-/cookie-signature-1.2.2.tgz 198ms (cache miss)
665 http fetch GET 200 https://registry.npmjs.org/content-disposition/-/content-disposition-1.1.0.tgz 199ms (cache miss)
666 http fetch GET 200 https://registry.npmjs.org/negotiator/-/negotiator-1.0.0.tgz 202ms (cache miss)
667 http fetch GET 200 https://registry.npmjs.org/depd/-/depd-2.0.0.tgz 200ms (cache miss)
668 http fetch GET 200 https://registry.npmjs.org/accepts/-/accepts-2.0.0.tgz 200ms (cache miss)
669 http fetch GET 200 https://registry.npmjs.org/object-assign/-/object-assign-4.1.1.tgz 200ms (cache miss)
670 http fetch GET 200 https://registry.npmjs.org/cookie/-/cookie-0.7.2.tgz 201ms (cache miss)
671 http fetch GET 200 https://registry.npmjs.org/vary/-/vary-1.1.2.tgz 201ms (cache miss)
672 http fetch GET 200 https://registry.npmjs.org/content-type/-/content-type-1.0.5.tgz 202ms (cache miss)
673 http fetch GET 200 https://registry.npmjs.org/cookie-signature/-/cookie-signature-1.0.7.tgz 200ms (cache miss)
674 http fetch GET 200 https://registry.npmjs.org/router/-/router-2.2.0.tgz 204ms (cache miss)
675 http fetch GET 200 https://registry.npmjs.org/debug/-/debug-4.4.3.tgz 203ms (cache miss)
676 http fetch GET 200 https://registry.npmjs.org/cors/-/cors-2.8.6.tgz 202ms (cache miss)
677 http fetch GET 200 https://registry.npmjs.org/ms/-/ms-2.0.0.tgz 202ms (cache miss)
678 http fetch GET 200 https://registry.npmjs.org/call-bind-apply-helpers/-/call-bind-apply-helpers-1.0.2.tgz 213ms (cache miss)
679 http fetch GET 200 https://registry.npmjs.org/content-type/-/content-type-2.0.0.tgz 205ms (cache miss)
680 http fetch GET 200 https://registry.npmjs.org/content-type/-/content-type-2.0.0.tgz 206ms (cache miss)
681 http fetch GET 200 https://registry.npmjs.org/es-errors/-/es-errors-1.3.0.tgz 215ms (cache miss)
682 http fetch GET 200 https://registry.npmjs.org/fresh/-/fresh-2.0.0.tgz 207ms (cache miss)
683 http fetch GET 200 https://registry.npmjs.org/body-parser/-/body-parser-2.3.0.tgz 214ms (cache miss)
684 http fetch GET 200 https://registry.npmjs.org/express/-/express-5.2.1.tgz 213ms (cache miss)
685 http fetch GET 200 https://registry.npmjs.org/express-session/-/express-session-1.19.0.tgz 216ms (cache miss)
686 http fetch GET 200 https://registry.npmjs.org/debug/-/debug-2.6.9.tgz 220ms (cache miss)
687 http fetch GET 200 https://registry.npmjs.org/math-intrinsics/-/math-intrinsics-1.1.0.tgz 235ms (cache miss)
688 http fetch GET 200 https://registry.npmjs.org/object-inspect/-/object-inspect-1.13.4.tgz 234ms (cache miss)
689 http fetch GET 200 https://registry.npmjs.org/qs/-/qs-6.15.3.tgz 229ms (cache miss)
690 http fetch GET 200 https://registry.npmjs.org/iconv-lite/-/iconv-lite-0.7.2.tgz 235ms (cache miss)
691 http fetch POST 200 https://registry.npmjs.org/-/npm/v1/security/advisories/bulk 259ms
692 silly audit report {}
693 http fetch GET 200 https://registry.npmjs.org/uuid/-/uuid-14.0.1.tgz 242ms (cache miss)
694 silly ADD node_modules/random-bytes
695 silly ADD node_modules/media-typer
696 silly ADD node_modules/dunder-proto
697 silly ADD node_modules/math-intrinsics
698 silly ADD node_modules/hasown
699 silly ADD node_modules/has-symbols
700 silly ADD node_modules/gopd
701 silly ADD node_modules/get-proto
702 silly ADD node_modules/es-object-atoms
703 silly ADD node_modules/function-bind
704 silly ADD node_modules/call-bind-apply-helpers
705 silly ADD node_modules/get-intrinsic
706 silly ADD node_modules/call-bound
707 silly ADD node_modules/side-channel-weakmap
708 silly ADD node_modules/side-channel-map
709 silly ADD node_modules/side-channel-list
710 silly ADD node_modules/object-inspect
711 silly ADD node_modules/es-errors
712 silly ADD node_modules/path-to-regexp
713 silly ADD node_modules/is-promise
714 silly ADD node_modules/unpipe
715 silly ADD node_modules/side-channel
716 silly ADD node_modules/es-define-property
717 silly ADD node_modules/ipaddr.js
718 silly ADD node_modules/forwarded
719 silly ADD node_modules/wrappy
720 silly ADD node_modules/ee-first
721 silly ADD node_modules/mime-db
722 silly ADD node_modules/safer-buffer
723 silly ADD node_modules/toidentifier
724 silly ADD node_modules/setprototypeof
725 silly ADD node_modules/inherits
726 silly ADD node_modules/uid-safe
727 silly ADD node_modules/safe-buffer
728 silly ADD node_modules/on-headers
729 silly ADD node_modules/ms
730 silly ADD node_modules/raw-body
731 silly ADD node_modules/iconv-lite
732 silly ADD node_modules/bytes
733 silly ADD node_modules/negotiator
734 silly ADD node_modules/type-is
735 silly ADD node_modules/type-is/node_modules/content-type
736 silly ADD node_modules/statuses
737 silly ADD node_modules/serve-static
738 silly ADD node_modules/send
739 silly ADD node_modules/router
740 silly ADD node_modules/range-parser
741 silly ADD node_modules/qs
742 silly ADD node_modules/proxy-addr
743 silly ADD node_modules/parseurl
744 silly ADD node_modules/once
745 silly ADD node_modules/on-finished
746 silly ADD node_modules/mime-types
747 silly ADD node_modules/merge-descriptors
748 silly ADD node_modules/http-errors
749 silly ADD node_modules/fresh
750 silly ADD node_modules/finalhandler
751 silly ADD node_modules/etag
752 silly ADD node_modules/escape-html
753 silly ADD node_modules/encodeurl
754 silly ADD node_modules/depd
755 silly ADD node_modules/debug
756 silly ADD node_modules/cookie-signature
757 silly ADD node_modules/cookie
758 silly ADD node_modules/content-type
759 silly ADD node_modules/content-disposition
760 silly ADD node_modules/body-parser
761 silly ADD node_modules/body-parser/node_modules/content-type
762 silly ADD node_modules/accepts
763 silly ADD node_modules/vary
764 silly ADD node_modules/object-assign
765 silly ADD node_modules/uuid
766 silly ADD node_modules/express-session
767 silly ADD node_modules/express-session/node_modules/ms
768 silly ADD node_modules/express-session/node_modules/debug
769 silly ADD node_modules/express-session/node_modules/cookie-signature
770 silly ADD node_modules/express
771 silly ADD node_modules/cors
772 verbose cwd D:\Web Dev Practice Projects\Webnd Summer\48 hrs Hackathon\Backend
773 verbose os Windows_NT 10.0.26200
774 verbose node v22.18.0
775 verbose npm  v10.9.3
776 verbose exit 0
777 info ok
