0 verbose cli C:\Program Files\nodejs\node.exe C:\Program Files\nodejs\node_modules\npm\bin\npm-cli.js
1 info using npm@10.9.3
2 info using node@v22.18.0
3 silly config load:file:C:\Program Files\nodejs\node_modules\npm\npmrc
4 silly config load:file:D:\Web Dev Practice Projects\Webnd Summer\48 hrs Hackathon\Frontend\.npmrc
5 silly config load:file:C:\Users\Dhaval\.npmrc
6 silly config load:file:C:\Users\Dhaval\AppData\Roaming\npm\etc\npmrc
7 verbose title npm create vite@latest
8 verbose argv "create" "vite@latest"
9 verbose logfile logs-max:10 dir:D:\Web Dev Practice Projects\Webnd Summer\48 hrs Hackathon\Frontend\.npm-cache\_logs\2026-06-26T09_34_20_241Z-
10 verbose logfile D:\Web Dev Practice Projects\Webnd Summer\48 hrs Hackathon\Frontend\.npm-cache\_logs\2026-06-26T09_34_20_241Z-debug-0.log
11 silly logfile done cleaning log files
12 silly packumentCache heap:4345298944 maxSize:1086324736 maxEntrySize:543162368
13 http fetch GET 200 https://registry.npmjs.org/create-vite 120ms (cache miss)
14 silly packumentCache heap:4345298944 maxSize:1086324736 maxEntrySize:543162368
15 http fetch GET 200 https://registry.npmjs.org/npm 233ms
16 silly idealTree buildDeps
17 silly fetch manifest create-vite@9.1.0
18 silly packumentCache full:https://registry.npmjs.org/create-vite cache-miss
19 http fetch GET 200 https://registry.npmjs.org/create-vite 52ms (cache miss)
20 silly packumentCache full:https://registry.npmjs.org/create-vite set size:undefined disposed:false
21 silly placeDep ROOT create-vite@9.1.0 OK for:  want: 9.1.0
22 silly reify moves {}
23 silly audit bulk request { 'create-vite': [ '9.1.0' ] }
24 http cache create-vite@https://registry.npmjs.org/create-vite/-/create-vite-9.1.0.tgz 0ms (cache hit)
25 silly tarball no local data for create-vite@https://registry.npmjs.org/create-vite/-/create-vite-9.1.0.tgz. Extracting by manifest.
26 http fetch POST 200 https://registry.npmjs.org/-/npm/v1/security/advisories/bulk 265ms
27 silly audit report {}
28 http fetch GET 200 https://registry.npmjs.org/create-vite/-/create-vite-9.1.0.tgz 303ms (cache miss)
